[backblue.gif]
[fade.gif]
[index.html]
[kodeforest.net/html/books/store/images/logo.png]
[kodeforest.net/html/books/store/images/banner-1.png]
[kodeforest.net/html/books/store/images/banner-2.png]
[kodeforest.net/html/books/store/images/banner-3.png]
[kodeforest.net/html/books/store/images/book2.png]
[kodeforest.net/html/books/store/images/book6.png]
[kodeforest.net/html/books/store/images/book3.png]
[kodeforest.net/html/books/store/images/book8.png]
[kodeforest.net/html/books/store/images/book9.png]
[kodeforest.net/html/books/store/images/book7.png]
[kodeforest.net/html/books/store/images/book5.png]
[kodeforest.net/html/books/store/images/book4.png]
[kodeforest.net/html/books/store/images/book.png]
[kodeforest.net/html/books/store/images/testimonials-img5.png]
[kodeforest.net/html/books/store/images/testimonials-img2.png]
[kodeforest.net/html/books/store/images/testimonials-img3.png]
[kodeforest.net/html/books/store/images/blog.jpg]
[kodeforest.net/html/books/store/images/blog2.jpg]
[kodeforest.net/html/books/store/images/blog3.jpg]
[kodeforest.net/html/books/store/images/blog4.jpg]
[kodeforest.net/html/books/store/images/package1.png]
[kodeforest.net/html/books/store/images/package2.png]
[kodeforest.net/html/books/store/images/package3.png]
[kodeforest.net/html/books/store/images/cards.png]
[kodeforest.net/html/books/store/js/jquery.min.js]
[kodeforest.net/html/books/store/js/bootstrap.min.js]
[kodeforest.net/html/books/store/js/jquery.bxslider.min.js]
[kodeforest.net/html/books/store/js/bootstrap-slider.js]
[kodeforest.net/html/books/store/js/waypoints.min.js]
[kodeforest.net/html/books/store/js/jquery.counterup.min.js]
[kodeforest.net/html/books/store/js/dl-menu/modernizr.custom.js]
[kodeforest.net/html/books/store/js/dl-menu/jquery.dlmenu.js]
[kodeforest.net/html/books/store/js/classie.js]
[kodeforest.net/html/books/store/js/functions.js]
[kodeforest.net/html/books/store/index.html]
[kodeforest.net/html/books/store/images/video-bg.png]
[kodeforest.net/html/books/store/images/video-bg-pettern.png]
[kodeforest.net/html/books/store/images/testimonials-bg.jpg]
[kodeforest.net/html/books/store/images/laptop.png]
[kodeforest.net/html/books/store/images/newsletter-bg.png]
[kodeforest.net/html/books/store/images/inner-banner.png]
[kodeforest.net/html/books/store/images/pettern.png]
[kodeforest.net/html/books/store/images/top-categories-bg.png]
[kodeforest.net/html/books/store/images/video-bg3.png]
[kodeforest.net/html/books/store/images/testimonials-bg2.jpg]
[kodeforest.net/html/books/store/images/location-image.jpg]
[kodeforest.net/html/books/store/images/footer-bg.png]
[kodeforest.net/html/books/store/images/menu-pett.jpg]
[kodeforest.net/html/books/store/images/menu-bg.png]
[kodeforest.net/html/books/store/images/zoomer.png]
[kodeforest.net/html/books/store/images/library-bg.jpg]
[kodeforest.net/html/books/store/images/library-bg-2.jpg]
[kodeforest.net/html/books/store/style.css]
[kodeforest.net/html/books/store/css/themetypo.css]
[kodeforest.net/html/books/store/fonts/glyphicons-halflings-regular.eot]
[kodeforest.net/html/books/store/fonts/glyphicons-halflings-regular.woff2]
[kodeforest.net/html/books/store/fonts/glyphicons-halflings-regulard41d.eot]
[kodeforest.net/html/books/store/fonts/glyphicons-halflings-regular.woff]
[kodeforest.net/html/books/store/fonts/glyphicons-halflings-regular.ttf]
[kodeforest.net/html/books/store/css/bootstrap.css]
[kodeforest.net/html/books/store/css/color.css]
[kodeforest.net/html/books/store/fonts/fontawesome-webfont93e3.eot]
[kodeforest.net/html/books/store/fonts/fontawesome-webfontd41d.eot]
[kodeforest.net/html/books/store/fonts/fontawesome-webfont93e3.woff2]
[kodeforest.net/html/books/store/fonts/fontawesome-webfont93e3.woff]
[kodeforest.net/html/books/store/fonts/fontawesome-webfont93e3.ttf]
[kodeforest.net/html/books/store/css/font-awesome.min.css]
[kodeforest.net/html/books/store/css/bootstrap-slider.css]
[kodeforest.net/html/books/store/css/widget.css]
[kodeforest.net/html/books/store/css/responsive.css]
[kodeforest.net/html/books/store/js/dl-menu/component.css]
[kodeforest.net/html/books/store/images/about-img2.png]
[kodeforest.net/html/books/store/images/tabs-img4.png]
[kodeforest.net/html/books/store/images/tabs-img3.png]
[kodeforest.net/html/books/store/images/tabs-img5.png]
[kodeforest.net/html/books/store/images/video-bg2.png]
[kodeforest.net/html/books/store/images/tabs-imgs.png]
[kodeforest.net/html/books/store/images/author2.png]
[kodeforest.net/html/books/store/images/author.png]
[kodeforest.net/html/books/store/images/author3.png]
[kodeforest.net/html/books/store/about-us.html]
[kodeforest.net/html/books/store/images/blog-single.png]
[kodeforest.net/html/books/store/images/blog-single2.png]
[kodeforest.net/html/books/store/images/blog-single3.png]
[kodeforest.net/html/books/store/images/blog-single4.png]
[kodeforest.net/html/books/store/images/blog-single5.png]
[kodeforest.net/html/books/store/images/blog-single6.png]
[kodeforest.net/html/books/store/images/blog-single7.png]
[kodeforest.net/html/books/store/blog.html]
[kodeforest.net/html/books/store/blog-full.html]
[kodeforest.net/html/books/store/blog-detail.html]
[kodeforest.net/html/books/store/images/author6.png]
[kodeforest.net/html/books/store/images/author7.png]
[kodeforest.net/html/books/store/images/author8.png]
[kodeforest.net/html/books/store/images/author9.png]
[kodeforest.net/html/books/store/images/author10.png]
[kodeforest.net/html/books/store/images/author11.png]
[kodeforest.net/html/books/store/images/author12.png]
[kodeforest.net/html/books/store/authors.html]
[kodeforest.net/html/books/store/images/author-detail.jpg]
[kodeforest.net/html/books/store/images/signature-1.png]
[kodeforest.net/html/books/store/images/new-release.png]
[kodeforest.net/html/books/store/images/new-release-2.png]
[kodeforest.net/html/books/store/images/new-release-3.png]
[kodeforest.net/html/books/store/images/new-release-4.png]
[kodeforest.net/html/books/store/images/certificate-1.png]
[kodeforest.net/html/books/store/images/certificate-2.png]
[kodeforest.net/html/books/store/images/certificate-3.png]
[kodeforest.net/html/books/store/images/certificate-4.png]
[kodeforest.net/html/books/store/images/testimonials1.png]
[kodeforest.net/html/books/store/images/testimonials-img4.png]
[kodeforest.net/html/books/store/js/owl.carousel.js]
[kodeforest.net/html/books/store/author-detail.html]
[kodeforest.net/html/books/store/images/new-arrival1.png]
[kodeforest.net/html/books/store/images/new-arrival2.png]
[kodeforest.net/html/books/store/images/new-arrival3.png]
[kodeforest.net/html/books/store/images/books-list1.jpg]
[kodeforest.net/html/books/store/images/books-list2.jpg]
[kodeforest.net/html/books/store/images/books-list3.jpg]
[kodeforest.net/html/books/store/images/books-list4.jpg]
[kodeforest.net/html/books/store/images/books-list5.jpg]
[kodeforest.net/html/books/store/images/books-list6.jpg]
[kodeforest.net/html/books/store/images/books-list7.jpg]
[kodeforest.net/html/books/store/images/books-list9.jpg]
[kodeforest.net/html/books/store/book-listing.html]
[kodeforest.net/html/books/store/images/book10.png]
[cdnjs.cloudflare.com/ajax/libs/waypoints/2.0.3/waypoints.min.js]
[kodeforest.net/html/books/store/book-listing-1.html]
[kodeforest.net/html/books/store/book-listing-2.html]
[kodeforest.net/html/books/store/book-listing-1-w-sidebar.html]
[kodeforest.net/html/books/store/book-listing-2-w-sidebar.html]
[kodeforest.net/html/books/store/images/book-detail.jpg]
[kodeforest.net/html/books/store/images/book12.png]
[kodeforest.net/html/books/store/book-detail.html]
[kodeforest.net/html/books/store/js/googlemap.js]
[kodeforest.net/html/books/store/contact-us.html]
[kodeforest.net/html/books/store/images/banner-1.png]
[kodeforest.net/html/books/store/images/banner-2.png]
[kodeforest.net/html/books/store/images/banner-3.png]
[kodeforest.net/html/books/store/images/video-bg.png]
[kodeforest.net/html/books/store/images/top-categories-bg.png]
[kodeforest.net/html/books/store/fonts/glyphicons-halflings-regular.svg]
[kodeforest.net/html/books/store/fonts/fontawesome-webfont93e3.svg]
[kodeforest.net/html/books/store/css/shortcode.css]
[kodeforest.net/html/books/store/images/about-img2.png]
[kodeforest.net/html/books/store/images/blog-single5.png]
[kodeforest.net/html/books/store/images/blog-single6.png]
[kodeforest.net/html/books/store/images/blog-single7.png]
[kodeforest.net/html/books/store/images/writer2.png]
[kodeforest.net/html/books/store/images/blog-img5.png]
[kodeforest.net/html/books/store/images/writer3.png]
[kodeforest.net/html/books/store/images/blog-img8.png]
[kodeforest.net/html/books/store/images/writer.png]
[kodeforest.net/html/books/store/images/blog-img6.png]
[kodeforest.net/html/books/store/images/writer4.png]
[kodeforest.net/html/books/store/images/blog-img7.png]
[kodeforest.net/html/books/store/images/post-avaitar.png]
[kodeforest.net/html/books/store/images/instagram1.png]
[kodeforest.net/html/books/store/images/instagram2.png]
[kodeforest.net/html/books/store/images/instagram3.png]
[kodeforest.net/html/books/store/images/instagram4.png]
[kodeforest.net/html/books/store/images/add.png]
[kodeforest.net/html/books/store/images/blog-detail-img.png]
[kodeforest.net/html/books/store/images/user1.png]
[kodeforest.net/html/books/store/images/author15.png]
[kodeforest.net/html/books/store/images/author4.png]
[kodeforest.net/html/books/store/images/author5.png]
[kodeforest.net/html/books/store/images/author9.png]
[kodeforest.net/html/books/store/css/owl.carousel.css]
[kodeforest.net/html/books/store/css/images/bx_loader.gif]
[kodeforest.net/html/books/store/images/controls.png]
[kodeforest.net/html/books/store/css/jquery.bxslider.css]
[kodeforest.net/html/books/store/images/blog-img8.png]
[kodeforest.net/html/books/store/images/blog-img7.png]
[kodeforest.net/html/books/store/css/grabbing.html]
[kodeforest.net/html/books/store/images/author14.png]
